// Jest Snapshot v1, https://goo.gl/fbAQLP

exports[`renders link html 1`] = `
<div
  style={
    Object {
      "marginTop": "120px",
    }
  }
>
  <p>
    Don't have an account ?
    <a
      className="nav-link"
      href="#"
      onClick={[Function]}
      style={
        Object {
          "display": "inline",
        }
      }
    >
      Get started
    </a>
  </p>
</div>
`;
