// Jest Snapshot v1, https://goo.gl/fbAQLP

exports[`renders link html 1`] = `
<div
  className="container"
>
  <div
    className="App row"
  >
    <div
      className="col-sm-12 col-md-4 offset-md-3"
    >
      <p
        style={
          Object {
            "font-size": "24px",
            "height": "33px",
            "margin-top": "120px",
            "text-align": "center",
          }
        }
      >
        Welcome to Gyvit, 
        Kevin
        .
      </p>
    </div>
    <div
      className="col-sm-12 col-md-4 offset-md-3"
    >
      <p
        style={
          Object {
            "color": "#000000",
            "font-size": "18px",
            "height": "24px",
            "margin-bottom": "60px",
            "opacity": 0.45,
            "text-align": "center",
          }
        }
      >
        What would you like to do ?
      </p>
    </div>
  </div>
  <div
    className="row"
  >
    <div>
      <div
        className="container"
      >
        <div
          className="row"
        >
          <div
            className="card"
            style={
              Object {
                "height": "423px",
                "margin-right": "32px",
                "width": "288px",
              }
            }
          >
            <img
              alt="folder"
              className="card-img"
              src="img/folder.ico"
              style={
                Object {
                  "height": "120px",
                  "margin-left": "72px",
                  "margin-right": "64.8px",
                  "margin-top": "31px",
                  "width": "151.2px",
                }
              }
            />
            <div
              className="card-body"
              style={
                Object {
                  "padding": "0px",
                }
              }
            >
              <h5
                className="card-title"
                style={
                  Object {
                    "font-size": "18px",
                    "height": "24px",
                    "margin-left": "57px",
                    "margin-right": "56px",
                    "margin-top": "15px",
                    "padding-left": "0px",
                    "padding-right": "0px",
                    "text-align": "center",
                    "width": "175px",
                  }
                }
              >
                Documents requests
              </h5>
              <p
                className="card-text"
                style={
                  Object {
                    "font-size": "15px",
                    "height": "96px",
                    "line-height": "24px",
                    "margin-bottom": "50px",
                    "margin-left": "30px",
                    "margin-right": "30px",
                    "margin-top": "13px",
                    "opacity": 0.45,
                    "text-align": "center",
                    "width": "228px",
                  }
                }
              >
                Take the first step to launching your store. Add physical items, digital downloads you can dream up
              </p>
              <button
                className="btn btn-secondary"
                onClick={[Function]}
                src="lien0"
                style={
                  Object {
                    "border-radius": "2px",
                    "font-size": "16px",
                    "height": "44px",
                    "margin-bottom": "30px",
                    "margin-left": "59px ",
                    "margin-right": "59px",
                    "padding": "0px",
                    "width": "170px",
                  }
                }
                type={undefined}
              >
                Create first request
              </button>
            </div>
          </div>
        </div>
      </div>
    </div>
    <div>
      <div
        className="container"
      >
        <div
          className="row"
        >
          <div
            className="card"
            style={
              Object {
                "height": "423px",
                "margin-right": "32px",
                "width": "288px",
              }
            }
          >
            <img
              alt="folder"
              className="card-img"
              src="img/folder.ico"
              style={
                Object {
                  "height": "120px",
                  "margin-left": "72px",
                  "margin-right": "64.8px",
                  "margin-top": "31px",
                  "width": "151.2px",
                }
              }
            />
            <div
              className="card-body"
              style={
                Object {
                  "padding": "0px",
                }
              }
            >
              <h5
                className="card-title"
                style={
                  Object {
                    "font-size": "18px",
                    "height": "24px",
                    "margin-left": "57px",
                    "margin-right": "56px",
                    "margin-top": "15px",
                    "padding-left": "0px",
                    "padding-right": "0px",
                    "text-align": "center",
                    "width": "175px",
                  }
                }
              >
                Share documents
              </h5>
              <p
                className="card-text"
                style={
                  Object {
                    "font-size": "15px",
                    "height": "96px",
                    "line-height": "24px",
                    "margin-bottom": "50px",
                    "margin-left": "30px",
                    "margin-right": "30px",
                    "margin-top": "13px",
                    "opacity": 0.45,
                    "text-align": "center",
                    "width": "228px",
                  }
                }
              >
                Take the first step to launching your store. Add physical items, digital downloads you can dream up
              </p>
              <button
                className="btn btn-secondary"
                onClick={[Function]}
                src="lien1"
                style={
                  Object {
                    "border-radius": "2px",
                    "font-size": "16px",
                    "height": "44px",
                    "margin-bottom": "30px",
                    "margin-left": "59px ",
                    "margin-right": "59px",
                    "padding": "0px",
                    "width": "170px",
                  }
                }
                type={undefined}
              >
                Share documents
              </button>
            </div>
          </div>
        </div>
      </div>
    </div>
    <div>
      <div
        className="container"
      >
        <div
          className="row"
        >
          <div
            className="card"
            style={
              Object {
                "height": "423px",
                "margin-right": "32px",
                "width": "288px",
              }
            }
          >
            <img
              alt="folder"
              className="card-img"
              src="img/folder.ico"
              style={
                Object {
                  "height": "120px",
                  "margin-left": "72px",
                  "margin-right": "64.8px",
                  "margin-top": "31px",
                  "width": "151.2px",
                }
              }
            />
            <div
              className="card-body"
              style={
                Object {
                  "padding": "0px",
                }
              }
            >
              <h5
                className="card-title"
                style={
                  Object {
                    "font-size": "18px",
                    "height": "24px",
                    "margin-left": "57px",
                    "margin-right": "56px",
                    "margin-top": "15px",
                    "padding-left": "0px",
                    "padding-right": "0px",
                    "text-align": "center",
                    "width": "175px",
                  }
                }
              >
                Store files
              </h5>
              <p
                className="card-text"
                style={
                  Object {
                    "font-size": "15px",
                    "height": "96px",
                    "line-height": "24px",
                    "margin-bottom": "50px",
                    "margin-left": "30px",
                    "margin-right": "30px",
                    "margin-top": "13px",
                    "opacity": 0.45,
                    "text-align": "center",
                    "width": "228px",
                  }
                }
              >
                Take the first step to launching your store. Add physical items, digital downloads you can dream up
              </p>
              <button
                className="btn btn-secondary"
                onClick={[Function]}
                src="lien2"
                style={
                  Object {
                    "border-radius": "2px",
                    "font-size": "16px",
                    "height": "44px",
                    "margin-bottom": "30px",
                    "margin-left": "59px ",
                    "margin-right": "59px",
                    "padding": "0px",
                    "width": "170px",
                  }
                }
                type={undefined}
              >
                Upload documents
              </button>
            </div>
          </div>
        </div>
      </div>
    </div>
  </div>
</div>
`;
