// Jest Snapshot v1, https://goo.gl/fbAQLP

exports[`renders link html 1`] = `
<div>
  <div
    className="container"
  >
    <div
      className="row"
    >
      <div
        className="card"
        style={
          Object {
            "height": "423px",
            "margin-right": "32px",
            "width": "288px",
          }
        }
      >
        <img
          alt="folder"
          className="card-img"
          src="img/folder.ico"
          style={
            Object {
              "height": "120px",
              "margin-left": "72px",
              "margin-right": "64.8px",
              "margin-top": "31px",
              "width": "151.2px",
            }
          }
        />
        <div
          className="card-body"
          style={
            Object {
              "padding": "0px",
            }
          }
        >
          <h5
            className="card-title"
            style={
              Object {
                "font-size": "18px",
                "height": "24px",
                "margin-left": "57px",
                "margin-right": "56px",
                "margin-top": "15px",
                "padding-left": "0px",
                "padding-right": "0px",
                "text-align": "center",
                "width": "175px",
              }
            }
          />
          <p
            className="card-text"
            style={
              Object {
                "font-size": "15px",
                "height": "96px",
                "line-height": "24px",
                "margin-bottom": "50px",
                "margin-left": "30px",
                "margin-right": "30px",
                "margin-top": "13px",
                "opacity": 0.45,
                "text-align": "center",
                "width": "228px",
              }
            }
          />
          <button
            className="btn btn-secondary"
            onClick={[Function]}
            src={undefined}
            style={
              Object {
                "border-radius": "2px",
                "font-size": "16px",
                "height": "44px",
                "margin-bottom": "30px",
                "margin-left": "59px ",
                "margin-right": "59px",
                "padding": "0px",
                "width": "170px",
              }
            }
            type={undefined}
          />
        </div>
      </div>
    </div>
  </div>
</div>
`;
