// Jest Snapshot v1, https://goo.gl/fbAQLP

exports[`renders link html 1`] = `
<form
  className=""
  style={
    Object {
      "margin-bottom": "40px",
      "margin-top": "60px",
    }
  }
>
  <div
    className="form-group"
  >
    <label
      className=""
      htmlFor="email"
    >
      Email 
    </label>
    <input
      className="form-control"
      id="IdEmail"
      name="email"
      placeholder="Email"
      type="email"
    />
  </div>
</form>
`;
