// Jest Snapshot v1, https://goo.gl/fbAQLP

exports[`renders correctly 1`] = `
<div
  className="container"
  style={
    Object {
      "background-color": "#ffffff",
      "margin-left": "30px",
      "margin-right": "10px",
    }
  }
>
  <p>
    Back to Sign in
  </p>
  <div
    style={
      Object {
        "padding-top": "40%",
      }
    }
  >
    <p
      style={
        Object {
          "color": "#3b425d",
          "font-size": "24px",
          "font-stretch": "normal",
          "font-style": "normal",
          "font-weight": "normal",
          "height": "24px",
          "letter-spacing": "normal",
          "line-height": "normal",
          "text-align": "left",
        }
      }
    >
      Forgot your password ?
    </p>
    <p
      style={
        Object {
          "color": "#9da5c9",
          "font-size": "18px",
          "font-stretch": "normal",
          "font-style": "normal",
          "font-weight": "normal",
          "letter-spacing": "normal",
          "line-height": "normal",
          "margin-top": "15px",
          "text-align": "left",
        }
      }
    >
      Enter your email address below and we'll get you back on track.
       
    </p>
  </div>
  <form
    className=""
    style={
      Object {
        "margin-bottom": "40px",
        "margin-top": "60px",
      }
    }
  >
    <div
      className="form-group"
    >
      <label
        className=""
        htmlFor="email"
      >
        Email 
      </label>
      <input
        className="form-control"
        id="IdEmail"
        name="email"
        placeholder="Email"
        type="email"
      />
    </div>
  </form>
  <div>
    <button
      className="btn btn-info"
      onClick={[Function]}
      style={
        Object {
          "background-image": "linear-gradient(to left, #57aad1, #7a57d1)",
          "border-radius": "100px",
          "height": "54px",
          "width": "192px",
        }
      }
      type={undefined}
    >
      Request reset link
    </button>
  </div>
  <div
    style={
      Object {
        "padding-top": "20%",
      }
    }
  >
    <p>
      Don't have an account ? Get started
    </p>
  </div>
</div>
`;
