// Jest Snapshot v1, https://goo.gl/fbAQLP

exports[`renders link html 1`] = `
<div
  style={
    Object {
      "margin-bottom": "40px",
      "margin-top": "60px",
    }
  }
>
  <div
    className="form-group"
  >
    <label
      className=""
      htmlFor="email"
      style={
        Object {
          "color": "#9da5c9",
          "fontSize": "12px",
          "fontStyle": "normal",
          "fontWeight": "normal",
          "height": "12px",
          "letter-spacing": "normal",
          "margin-top": "30px",
          "text-align": "left",
          "width": "33px",
        }
      }
    >
      Email
       
    </label>
    <input
      className="form-control"
      id="IdEmail"
      name="email"
      placeholder="Email"
      type="email"
    />
  </div>
  <div
    className="form-group"
  >
    <label
      className=""
      htmlFor="email"
      style={
        Object {
          "color": "#9da5c9",
          "fontSize": "12px",
          "fontStyle": "normal",
          "fontWeight": "normal",
          "height": "12px",
          "letter-spacing": "normal",
          "margin-top": "30px",
          "text-align": "left",
          "width": "33px",
        }
      }
    >
      Name
       
    </label>
    <input
      className="form-control"
      id="IdEmail"
      name="name"
      placeholder="Name"
      type="email"
    />
  </div>
  <div
    className="form-group"
  >
    <label
      className=""
      htmlFor="password"
      style={
        Object {
          "color": "#9da5c9",
          "fontSize": "12px",
          "fontStyle": "normal",
          "fontWeight": "normal",
          "height": "12px",
          "letter-spacing": "normal",
          "margin-top": "30px",
          "text-align": "left",
          "width": "75px",
        }
      }
    >
      Password
    </label>
    <input
      className="form-control"
      id="IdPassword"
      name="password"
      placeholder="Password"
      type="password"
    />
  </div>
</div>
`;
