// Jest Snapshot v1, https://goo.gl/fbAQLP

exports[`renders NavbarLeftLink html 1`] = `<link />`;
