// Jest Snapshot v1, https://goo.gl/fbAQLP

exports[`renders correctly 1`] = `
<li
  className="col-1 nav-item"
>
  <img
    alt="iconNotif"
    src="img/iconNotif.ico"
  />
  <span
    className="badge badge-danger badge-pill"
  />
</li>
`;
