// Jest Snapshot v1, https://goo.gl/fbAQLP

exports[`renders correctly 1`] = `
<li
  className="col-3 nav-item"
>
  <div
    className="media"
  >
    <div
      className="media"
      href="#"
      rounded-circle="true"
    >
      <img
        alt="kevin"
        className="media-object"
        src="http://via.placeholder.com/64x64"
      />
    </div>
    <div
      className="media-body"
    >
      <h4
        className="media-heading"
      >
        <span>
          kevin
        </span>
        Â 
        <span>
          Marlot
        </span>
      </h4>
      Meduza
    </div>
  </div>
</li>
`;
