// Jest Snapshot v1, https://goo.gl/fbAQLP

exports[`renders correctly 1`] = `
<li
  className="col-8 nav-item"
>
  <div
    className="form-group"
  >
    <span
      class="fa fa-search"
    />
    <input
      className="form-control"
      id="exampleSearch"
      name="search"
      placeholder="Search..."
      style={
        Object {
          "background-color": "#fbfcfd",
          "border": "none",
          "border-radius": "2px",
          "height": "46px",
          "marginLeft": "46px",
          "marginTop": "22px",
          "width": "1020px",
        }
      }
      type="search"
    />
  </div>
</li>
`;
