// Jest Snapshot v1, https://goo.gl/fbAQLP

exports[`renders correctly 1`] = `
<div
  className="container"
  style={
    Object {
      "background-color": "#ffffff",
      "box-shadow": "0 3px 14px 0 rgba(224, 227, 240, 0.6)",
      "margin-left": "60px",
      "margin-top": "290px",
    }
  }
>
  <div
    className="row"
  >
    <div
      className="col-md-4"
    >
      <div
        className="ml-3 mr-3"
      >
        <div>
          <h1
            style={
              Object {
                "color": "#3b425d",
                "font-size": "24px",
                "font-stretch": "normal",
                "font-style": "normal",
                "font-weight": "normal",
                "height": "24px",
                "letter-spacing": "normal",
                "line-height": "normal",
                "text-align": "left",
              }
            }
          >
            Sign it to Gyvit
          </h1>
          <p
            style={
              Object {
                "color": "#9da5c9",
                "font-size": "18px",
                "font-stretch": "normal",
                "font-style": "normal",
                "font-weight": "normal",
                "height": "18px",
                "letter-spacing": "normal",
                "line-height": "normal",
                "margin-top": "15px",
                "text-align": "left",
                "width": "200px",
              }
            }
          >
            Enter your details below
             
          </p>
        </div>
        <form
          className=""
          style={
            Object {
              "margin-bottom": "40px",
              "margin-top": "60px",
            }
          }
        >
          <div
            className="form-group"
          >
            <label
              className=""
              htmlFor="email"
            >
              Email 
            </label>
            <input
              className="form-control"
              id="IdEmail"
              name="email"
              placeholder="Email"
              type="email"
            />
          </div>
          <div
            className="form-group"
          >
            <label
              className=""
              htmlFor="password"
              style={
                Object {
                  "margin-top": "30px",
                }
              }
            >
              Password
            </label>
            <a
              className="nav-link"
              href="#"
              onClick={[Function]}
              style={
                Object {
                  "color": "#7a57d1",
                  "display": "inline",
                  "font-size": "14px",
                  "font-stretch": "normal",
                  "font-style": "normal",
                  "font-weight": "normal",
                  "letter-spacing": "normal",
                  "line-height": "normal",
                  "padding-left": "100px",
                  "text-align": "right",
                }
              }
            >
              Forgot password?
            </a>
            <input
              className="form-control"
              id="IdPassword"
              name="password"
              placeholder="Password"
              type="password"
            />
          </div>
        </form>
        <div>
          <button
            className="btn btn-info"
            onClick={[Function]}
            style={
              Object {
                "background-image": "linear-gradient(to left, #57aad1, #7a57d1)",
                "border-radius": "100px",
                "height": "54px",
                "width": "192px",
              }
            }
            type={undefined}
          >
            Sign in
          </button>
        </div>
        <div
          style={
            Object {
              "margin-top": "120px",
            }
          }
        >
          <p>
            Don't have an account ?
            <a
              className="nav-link"
              href="#"
              onClick={[Function]}
              style={
                Object {
                  "display": "inline",
                }
              }
            >
              Get started
            </a>
          </p>
        </div>
        <div
          style={
            Object {
              "background": "green",
              "height": "1067px",
              "width": "980px",
            }
          }
        >
          <button
            className="btn btn-info"
            onClick={[Function]}
            style={
              Object {
                "background-image": "linear-gradient(to left, #57aad1, #7a57d1)",
                "border-radius": "100px",
                "height": "54px",
                "width": "192px",
              }
            }
            type={undefined}
          >
            Sign in
          </button>
        </div>
      </div>
    </div>
  </div>
</div>
`;
