// Jest Snapshot v1, https://goo.gl/fbAQLP

exports[`renders link html 1`] = `
<div
  className="container-fluid"
  style={
    Object {
      "backgroundImage": "url('https://www.onecomputer.fr/wp-content/uploads/2016/01/blurred-background-81.jpg')",
      "height": "100vh",
      "position": "relative",
      "width": "max-width",
    }
  }
>
  <div
    className="row"
  />
</div>
`;
