// Jest Snapshot v1, https://goo.gl/fbAQLP

exports[`renders correctly 1`] = `
<div
  className="container"
  style={
    Object {
      "backgroundColor": "#ffffff",
      "marginLeft": "30px",
      "marginRight": "10px",
    }
  }
>
  <form
    className=""
  >
    <a
      href="/sign-in"
      style={
        Object {
          "marginTop": "10%",
        }
      }
    >
      Back to Sign in
    </a>
    <div
      style={
        Object {
          "paddingTop": "40%",
        }
      }
    >
      <p
        style={
          Object {
            "color": "#3b425d",
            "fontSize": "24px",
            "fontStretch": "normal",
            "fontStyle": "normal",
            "fontWeight": "normal",
            "height": "24px",
            "letterSpacing": "normal",
            "lineHeight": "normal",
            "textAlign": "left",
          }
        }
      >
        Forgot your password ?
      </p>
      <p
        style={
          Object {
            "color": "#9da5c9",
            "fontSize": "18px",
            "fontStretch": "normal",
            "fontStyle": "normal",
            "fontWeight": "normal",
            "letterSpacing": "normal",
            "lineHeight": "normal",
            "marginTop": "15px",
            "textAlign": "left",
          }
        }
      >
        Enter your email address below and we'll get you back on track.
         
      </p>
    </div>
    <div
      className="form-group"
      style={
        Object {
          "marginBottom": "40px",
          "marginTop": "60px",
        }
      }
    >
      <label
        className=""
        htmlFor="email"
      >
        Email 
      </label>
      <input
        className="form-control"
        id="IdEmail"
        name="email"
        placeholder="Email"
        type="email"
      />
    </div>
    <div>
      <button
        className="btn btn-info"
        onClick={[Function]}
        style={
          Object {
            "backgroundImage": "linear-gradient(to left, #57aad1, #7a57d1)",
            "borderRadius": "100px",
            "height": "54px",
            "width": "192px",
          }
        }
        type={undefined}
      >
        Request reset link
      </button>
    </div>
    <div
      style={
        Object {
          "paddingTop": "20%",
        }
      }
    >
      <p>
        Don't have an account ? Get started
      </p>
    </div>
  </form>
</div>
`;
