// Jest Snapshot v1, https://goo.gl/fbAQLP

exports[`renders link html 1`] = `
<p
  style={
    Object {
      "marginTop": "10%",
    }
  }
>
  Back to Sign in
</p>
`;
