// Jest Snapshot v1, https://goo.gl/fbAQLP

exports[`renders link html 1`] = `
<div>
  <div
    className="container"
  >
    <div
      className="row"
    >
      <ul
        className="nav flex-column"
        expand="md"
        style={
          Object {
            "backgroundColor": "#231b56",
            "color": "white",
            "height": "1024px",
            "width": "220px",
          }
        }
      >
        <a
          className="navbar-brand"
          href="/"
          style={
            Object {
              "backgroundColor": "#181048",
              "color": "white",
              "fontWeight": "bold",
              "height": "90px",
              "textAlign": "center",
              "width": "220px",
            }
          }
        >
          <p>
            GYVIT
          </p>
        </a>
        <li
          className="text-center nav-item"
        >
          <div>
            <div
              className="container"
            >
              <div
                className="row"
              >
                <a
                  className="nav-link"
                  href="#"
                  onClick={[Function]}
                  style={
                    Object {
                      "color": "white",
                      "opacity": 0.5,
                    }
                  }
                >
                  <img
                    alt=""
                    src="/img/house_38533.ico"
                    style={
                      Object {
                        "opacity": 0.8,
                        "paddingRight": 10,
                      }
                    }
                  />
                  Home
                </a>
              </div>
            </div>
            <hr />
          </div>
          <div>
            <div
              className="container"
            >
              <div
                className="row"
              >
                <a
                  className="nav-link"
                  href="#"
                  onClick={[Function]}
                  style={
                    Object {
                      "color": "white",
                      "opacity": 0.5,
                    }
                  }
                >
                  <img
                    alt=""
                    src="/img/files.ico"
                    style={
                      Object {
                        "opacity": 0.8,
                        "paddingRight": 10,
                      }
                    }
                  />
                  Files
                </a>
              </div>
            </div>
            <hr />
          </div>
          <div>
            <div
              className="container"
            >
              <div
                className="row"
              >
                <a
                  className="nav-link"
                  href="#"
                  onClick={[Function]}
                  style={
                    Object {
                      "color": "white",
                      "opacity": 0.5,
                    }
                  }
                >
                  <img
                    alt=""
                    src="/img/share.ico"
                    style={
                      Object {
                        "opacity": 0.8,
                        "paddingRight": 10,
                      }
                    }
                  />
                  Shares
                </a>
              </div>
            </div>
            <hr />
          </div>
          <div>
            <div
              className="container"
            >
              <div
                className="row"
              >
                <a
                  className="nav-link"
                  href="#"
                  onClick={[Function]}
                  style={
                    Object {
                      "color": "white",
                      "opacity": 0.5,
                    }
                  }
                >
                  <img
                    alt=""
                    src="/img/templates.ico"
                    style={
                      Object {
                        "opacity": 0.8,
                        "paddingRight": 10,
                      }
                    }
                  />
                  Templates
                </a>
              </div>
            </div>
            <hr />
          </div>
          <div>
            <div
              className="container"
            >
              <div
                className="row"
              >
                <a
                  className="nav-link"
                  href="#"
                  onClick={[Function]}
                  style={
                    Object {
                      "color": "white",
                      "opacity": 0.5,
                    }
                  }
                >
                  <img
                    alt=""
                    src="/img/request.ico"
                    style={
                      Object {
                        "opacity": 0.8,
                        "paddingRight": 10,
                      }
                    }
                  />
                  Requests
                </a>
              </div>
            </div>
            <hr />
          </div>
          <div>
            <div
              className="container"
            >
              <div
                className="row"
              >
                <a
                  className="nav-link"
                  href="#"
                  onClick={[Function]}
                  style={
                    Object {
                      "color": "white",
                      "opacity": 0.5,
                    }
                  }
                >
                  <img
                    alt=""
                    src="/img/links.ico"
                    style={
                      Object {
                        "opacity": 0.8,
                        "paddingRight": 10,
                      }
                    }
                  />
                  Public links
                </a>
              </div>
            </div>
            <hr />
          </div>
          <div>
            <div
              className="container"
            >
              <div
                className="row"
              >
                <a
                  className="nav-link"
                  href="#"
                  onClick={[Function]}
                  style={
                    Object {
                      "color": "white",
                      "opacity": 0.5,
                    }
                  }
                >
                  <img
                    alt=""
                    src="/img/contact.ico"
                    style={
                      Object {
                        "opacity": 0.8,
                        "paddingRight": 10,
                      }
                    }
                  />
                  Contacts
                </a>
              </div>
            </div>
            <hr />
          </div>
          <div>
            <div
              className="container"
            >
              <div
                className="row"
              >
                <a
                  className="nav-link"
                  href="#"
                  onClick={[Function]}
                  style={
                    Object {
                      "color": "white",
                      "opacity": 0.5,
                    }
                  }
                >
                  <img
                    alt=""
                    src="/img/settings.ico"
                    style={
                      Object {
                        "opacity": 0.8,
                        "paddingRight": 10,
                      }
                    }
                  />
                  Settings
                </a>
              </div>
            </div>
            <hr />
          </div>
        </li>
      </ul>
    </div>
  </div>
</div>
`;
