// Jest Snapshot v1, https://goo.gl/fbAQLP

exports[`renders correctly 1`] = `
<p
  className="d-flex align-items-center"
  style={
    Object {
      "backgroundColor": "#181048",
      "color": "white",
      "fontWeight": "bold",
      "height": "90px",
      "margin-bottom": "0px",
      "textAlign": "center",
    }
  }
>
  <div
    className="col"
  >
    GYVIT 
  </div>
</p>
`;
