// Jest Snapshot v1, https://goo.gl/fbAQLP

exports[`renders link html 1`] = `
<div>
  <div
    className="container"
  >
    <table
      className="table"
    >
      <thead>
        <tr>
          <th />
          <th>
            <div>
              Name
              <img
                alt="upDown"
                src="Assets/icon_double_arrow.png"
              />
            </div>
          </th>
          <th>
            <div>
              Last update
              <img
                alt="upDown"
                src="Assets/icon_double_arrow.png"
              />
            </div>
          </th>
          <th>
            <div>
              Users
              <img
                alt="down"
                src="Assets/icon_arrow_down.png"
              />
            </div>
          </th>
          <th />
        </tr>
      </thead>
      <tbody />
    </table>
  </div>
</div>
`;
