// Jest Snapshot v1, https://goo.gl/fbAQLP

exports[`renders link html 1`] = `
<div
  className="container-fluid"
>
  <form
    className=""
  >
    <div
      className="row"
    >
      <div
        className="col-md-4"
      >
        <div
          className="container"
          style={
            Object {
              "background-color": "#ffffff",
              "margin-left": "30px",
              "margin-right": "50px",
              "padding-top": "25%",
            }
          }
        >
          <form
            className=""
          >
            <div>
              <p
                style={
                  Object {
                    "color": "#3b425d",
                    "font-size": "24px",
                    "font-stretch": "normal",
                    "font-style": "normal",
                    "font-weight": "normal",
                    "height": "24px",
                    "letter-spacing": "normal",
                    "line-height": "normal",
                    "text-align": "left",
                  }
                }
              >
                Get started absolutely free
              </p>
              <p
                style={
                  Object {
                    "color": "#9da5c9",
                    "fontSize": "18px",
                    "fontStyle": "normal",
                    "fontWeight": "normal",
                    "height": "18px",
                    "letter-spacing": "normal",
                    "text-align": "left",
                    "width": "300px",
                  }
                }
              >
                Free forever. No credit card needed.
              </p>
            </div>
            <div
              style={
                Object {
                  "margin-bottom": "40px",
                  "margin-top": "60px",
                }
              }
            >
              <div
                className="form-group"
              >
                <label
                  className=""
                  htmlFor="email"
                  style={
                    Object {
                      "color": "#9da5c9",
                      "fontSize": "12px",
                      "fontStyle": "normal",
                      "fontWeight": "normal",
                      "height": "12px",
                      "letter-spacing": "normal",
                      "margin-top": "30px",
                      "text-align": "left",
                      "width": "33px",
                    }
                  }
                >
                  Email
                   
                </label>
                <input
                  className="form-control"
                  id="IdEmail"
                  name="email"
                  placeholder="Email"
                  type="email"
                />
              </div>
              <div
                className="form-group"
              >
                <label
                  className=""
                  htmlFor="email"
                  style={
                    Object {
                      "color": "#9da5c9",
                      "fontSize": "12px",
                      "fontStyle": "normal",
                      "fontWeight": "normal",
                      "height": "12px",
                      "letter-spacing": "normal",
                      "margin-top": "30px",
                      "text-align": "left",
                      "width": "33px",
                    }
                  }
                >
                  Name
                   
                </label>
                <input
                  className="form-control"
                  id="IdEmail"
                  name="name"
                  placeholder="Name"
                  type="email"
                />
              </div>
              <div
                className="form-group"
              >
                <label
                  className=""
                  htmlFor="password"
                  style={
                    Object {
                      "color": "#9da5c9",
                      "fontSize": "12px",
                      "fontStyle": "normal",
                      "fontWeight": "normal",
                      "height": "12px",
                      "letter-spacing": "normal",
                      "margin-top": "30px",
                      "text-align": "left",
                      "width": "75px",
                    }
                  }
                >
                  Password
                </label>
                <input
                  className="form-control"
                  id="IdPassword"
                  name="password"
                  placeholder="Password"
                  type="password"
                />
              </div>
            </div>
            <div>
              <button
                className="btn btn-info"
                onClick={[Function]}
                style={
                  Object {
                    "background-image": "linear-gradient(to left, #57aad1, #7a57d1)",
                    "border-radius": "100px",
                    "height": "54px",
                    "width": "192px",
                  }
                }
                type={undefined}
              >
                Continue
              </button>
            </div>
            <div
              style={
                Object {
                  "color": "#3b425d",
                  "fontSize": "16px",
                  "fontStyle": "normal",
                  "fontWeight": "normal",
                  "height": "16px",
                  "letter-spacing": "normal",
                  "margin-top": "120px",
                  "text-align": "left",
                  "width": "300px",
                }
              }
            >
              <p>
                Already have an account ?
                <a
                  className="nav-link"
                  href="#"
                  onClick={[Function]}
                  style={
                    Object {
                      "display": "inline",
                    }
                  }
                >
                  Sign in
                </a>
              </p>
            </div>
          </form>
        </div>
      </div>
      <div
        className="col-md-8"
      >
        <div
          style={
            Object {
              "backgroundImage": "url('https://www.onecomputer.fr/wp-content/uploads/2016/01/blurred-background-81.jpg')",
              "height": "100vh",
              "position": "relative",
              "width": "max-width",
            }
          }
        >
          <div
            className="container-fluid"
          >
            <div
              className="row"
            >
              <div
                className="col-9"
              >
                <p
                  style={
                    Object {
                      "color": "#3b425d",
                      "font-size": "16px",
                      "font-style": "normal",
                      "font-weight": "normal",
                      "letter-spacing": "normal",
                      "margin-left": "43vh",
                      "margin-top": "49px",
                      "position": "absolute",
                      "text-align": "left",
                    }
                  }
                >
                  Already have an account ?
                </p>
              </div>
              <div
                className="col-3"
              >
                <button
                  className="btn btn-outline-secondary"
                  onClick={[Function]}
                  style={
                    Object {
                      "border": "solid 1px #7a57d1",
                      "borderRadius": "100px",
                      "color": "#7a57d1",
                      "height": "54px",
                      "margin-top": "30px",
                      "width": "156px",
                    }
                  }
                  type={undefined}
                >
                  Sign in
                </button>
              </div>
            </div>
          </div>
        </div>
      </div>
    </div>
  </form>
</div>
`;
