// Jest Snapshot v1, https://goo.gl/fbAQLP

exports[`renders correctly 1`] = `
<span
  className="badge badge-secondary badge-pill"
  style={
    Object {
      "backgroundColor": "#ff007e",
      "height": "25px",
      "width": "25px",
    }
  }
>
  6
</span>
`;
