// Jest Snapshot v1, https://goo.gl/fbAQLP

exports[`renders correctly 1`] = `
<div>
  <div
    className="form-group"
  >
    <span
      className="fa fa-search"
    />
    <input
      className="form-control"
      id="exampleSearch"
      name="search"
      onChange={undefined}
      placeholder="Search..."
      style={
        Object {
          "backgroundColor": "#fbfcfd",
          "border": "none",
          "borderRadius": "2px",
          "height": "46px",
          "marginLeft": "6px",
          "marginTop": "22px",
        }
      }
      type="search"
      value={undefined}
    />
  </div>
</div>
`;
