// Jest Snapshot v1, https://goo.gl/fbAQLP

exports[`renders correctly 1`] = `
<div
  className="row"
  style={
    Object {
      "backgroundColor": "#ffffff",
      "border": "solid 1px #E5E8F4",
      "height": "90px",
    }
  }
>
  <div
    className="col-7"
  >
    <div>
      <div
        className="form-group"
      >
        <span
          className="fa fa-search"
        />
        <input
          className="form-control"
          id="exampleSearch"
          name="search"
          placeholder="Search..."
          style={
            Object {
              "backgroundColor": "#fbfcfd",
              "border": "none",
              "borderRadius": "2px",
              "height": "46px",
              "marginLeft": "6px",
              "marginTop": "22px",
            }
          }
          type="search"
        />
      </div>
    </div>
  </div>
  <div
    className="col-2"
  >
    <div
      className="col-1"
    >
      <img
        alt="iconNotif"
        src="img/icon_notification.png"
        style={
          Object {
            "marginTop": "37px",
          }
        }
      />
      <span
        className="badge badge-secondary badge-pill"
        style={
          Object {
            "backgroundColor": "#ff007e",
            "height": "20px",
            "width": "20px",
          }
        }
      >
        6
      </span>
    </div>
  </div>
  <div
    className="col-3"
  >
    <div>
      <div
        className="media"
      >
        <div
          className="media"
          href="#"
        >
          <img
            alt="Romain"
            className="rounded-circle media-object"
            src="http://via.placeholder.com/40x40"
            style={
              Object {
                "marginTop": "25px",
              }
            }
          />
        </div>
        <div
          className="media-body"
        >
          <h4
            className="media-heading"
            style={
              Object {
                "color": "#231b56",
                "fontSize": "16px",
                "marginLeft": "21px",
                "marginTop": "28px",
              }
            }
          >
            <span>
              Romain
            </span>
             
            <span>
              Duflot
            </span>
          </h4>
          <div
            className="media"
            style={
              Object {
                "color": "#372c78",
                "fontSize": "14px",
                "marginLeft": "21px",
                "marginTop": "5px",
              }
            }
          >
            Notoriety
          </div>
        </div>
      </div>
    </div>
  </div>
</div>
`;
