// Jest Snapshot v1, https://goo.gl/fbAQLP

exports[`renders correctly 1`] = `
<div>
  <img
    alt="iconNotif"
    src="img/icon_notification.png"
    style={
      Object {
        "marginTop": "37px",
      }
    }
  />
  <span
    className="badge badge-secondary badge-pill"
    style={
      Object {
        "backgroundColor": "#ff007e",
        "height": "25px",
        "width": "25px",
      }
    }
  >
    6
  </span>
</div>
`;
