// Jest Snapshot v1, https://goo.gl/fbAQLP

exports[`renders link html 1`] = `
<div
  className="container"
>
  <div
    className="App row"
  >
    <div
      className="col-sm-4 col-md-12"
    >
      <p
        style={
          Object {
            "fontSize": "24px",
            "height": "33px",
            "marginTop": "20%",
            "textAlign": "center",
          }
        }
      >
        Welcome to Gyvit, 
        Kevin
        .
      </p>
      <p
        style={
          Object {
            "color": "#000000",
            "fontSize": "18px",
            "height": "24px",
            "marginBottom": "60px",
            "opacity": 0.45,
            "textAlign": "center",
          }
        }
      >
        What would you like to do ?
      </p>
    </div>
  </div>
  <div
    className="d-flex justify-content-around row"
  >
    <div>
      <div
        className="container"
      >
        <div
          className="row"
        >
          <div
            className="card"
            style={
              Object {
                "height": "423px",
                "marginRight": "32px",
                "width": "288px",
              }
            }
          >
            <img
              alt="folder"
              className="card-img"
              src="/img/request.png"
              style={
                Object {
                  "height": "120px",
                  "marginLeft": "72px",
                  "marginRight": "64.8px",
                  "marginTop": "31px",
                  "width": "151px",
                }
              }
            />
            <div
              className="card-body"
              style={
                Object {
                  "padding": "0px",
                }
              }
            >
              <h5
                className="card-title"
                style={
                  Object {
                    "fontSize": "18px",
                    "height": "24px",
                    "marginLeft": "57px",
                    "marginRight": "56px",
                    "marginTop": "15px",
                    "paddingLeft": "0px",
                    "paddingRight": "0px",
                    "textAlign": "center",
                    "width": "175px",
                  }
                }
              >
                Documents requests
              </h5>
              <p
                className="card-text"
                style={
                  Object {
                    "fontSize": "15px",
                    "height": "96px",
                    "lineHeight": "24px",
                    "marginBottom": "50px",
                    "marginLeft": "30px",
                    "marginRight": "30px",
                    "marginTop": "13px",
                    "opacity": 0.45,
                    "textAlign": "center",
                    "width": "228px",
                  }
                }
              >
                Take the first step to launching your store. Add physical items, digital downloads you can dream up.
              </p>
              <button
                className="btn btn-secondary"
                onClick={[Function]}
                src="lien0"
                style={
                  Object {
                    "borderRadius": "2px",
                    "fontSize": "16px",
                    "height": "44px",
                    "marginBottom": "30px",
                    "marginLeft": "59px ",
                    "marginRight": "59px",
                    "padding": "0px",
                    "width": "170px",
                  }
                }
                type={undefined}
              >
                Create first request
              </button>
            </div>
          </div>
        </div>
      </div>
    </div>
    <div>
      <div
        className="container"
      >
        <div
          className="row"
        >
          <div
            className="card"
            style={
              Object {
                "height": "423px",
                "marginRight": "32px",
                "width": "288px",
              }
            }
          >
            <img
              alt="folder"
              className="card-img"
              src="/img/share.png"
              style={
                Object {
                  "height": "120px",
                  "marginLeft": "72px",
                  "marginRight": "64.8px",
                  "marginTop": "31px",
                  "width": "151px",
                }
              }
            />
            <div
              className="card-body"
              style={
                Object {
                  "padding": "0px",
                }
              }
            >
              <h5
                className="card-title"
                style={
                  Object {
                    "fontSize": "18px",
                    "height": "24px",
                    "marginLeft": "57px",
                    "marginRight": "56px",
                    "marginTop": "15px",
                    "paddingLeft": "0px",
                    "paddingRight": "0px",
                    "textAlign": "center",
                    "width": "175px",
                  }
                }
              >
                Share documents
              </h5>
              <p
                className="card-text"
                style={
                  Object {
                    "fontSize": "15px",
                    "height": "96px",
                    "lineHeight": "24px",
                    "marginBottom": "50px",
                    "marginLeft": "30px",
                    "marginRight": "30px",
                    "marginTop": "13px",
                    "opacity": 0.45,
                    "textAlign": "center",
                    "width": "228px",
                  }
                }
              >
                Take the first step to launching your store. Add physical items, digital downloads you can dream up.
              </p>
              <button
                className="btn btn-secondary"
                onClick={[Function]}
                src="lien1"
                style={
                  Object {
                    "borderRadius": "2px",
                    "fontSize": "16px",
                    "height": "44px",
                    "marginBottom": "30px",
                    "marginLeft": "59px ",
                    "marginRight": "59px",
                    "padding": "0px",
                    "width": "170px",
                  }
                }
                type={undefined}
              >
                Share documents
              </button>
            </div>
          </div>
        </div>
      </div>
    </div>
    <div>
      <div
        className="container"
      >
        <div
          className="row"
        >
          <div
            className="card"
            style={
              Object {
                "height": "423px",
                "marginRight": "32px",
                "width": "288px",
              }
            }
          >
            <img
              alt="folder"
              className="card-img"
              src="/img/store.png"
              style={
                Object {
                  "height": "120px",
                  "marginLeft": "72px",
                  "marginRight": "64.8px",
                  "marginTop": "31px",
                  "width": "151px",
                }
              }
            />
            <div
              className="card-body"
              style={
                Object {
                  "padding": "0px",
                }
              }
            >
              <h5
                className="card-title"
                style={
                  Object {
                    "fontSize": "18px",
                    "height": "24px",
                    "marginLeft": "57px",
                    "marginRight": "56px",
                    "marginTop": "15px",
                    "paddingLeft": "0px",
                    "paddingRight": "0px",
                    "textAlign": "center",
                    "width": "175px",
                  }
                }
              >
                Store files
              </h5>
              <p
                className="card-text"
                style={
                  Object {
                    "fontSize": "15px",
                    "height": "96px",
                    "lineHeight": "24px",
                    "marginBottom": "50px",
                    "marginLeft": "30px",
                    "marginRight": "30px",
                    "marginTop": "13px",
                    "opacity": 0.45,
                    "textAlign": "center",
                    "width": "228px",
                  }
                }
              >
                Take the first step to launching your store. Add physical items, digital downloads you can dream up.
              </p>
              <button
                className="btn btn-secondary"
                onClick={[Function]}
                src="lien2"
                style={
                  Object {
                    "borderRadius": "2px",
                    "fontSize": "16px",
                    "height": "44px",
                    "marginBottom": "30px",
                    "marginLeft": "59px ",
                    "marginRight": "59px",
                    "padding": "0px",
                    "width": "170px",
                  }
                }
                type={undefined}
              >
                Upload documents
              </button>
            </div>
          </div>
        </div>
      </div>
    </div>
  </div>
</div>
`;
